// Jest Snapshot v1, https://goo.gl/fbAQLP

exports[`render correctly 1`] = `
Object {
  "asFragment": [Function],
  "baseElement": <body>
    <div>
      <span
        class="sc-bdnylx dQYGTz"
        style="height: 0px; width: 0px;"
      >
        <span
          style="visibility: hidden;"
        >
          5
        </span>
        <span
          class="sc-gtssRu huSdcX"
          style="opacity: 1; transform: translateY(0px);"
        >
          0
        </span>
        <span
          class="sc-gtssRu huSdcX"
          style="opacity: 0; transform: translateY(0px);"
        >
          1
        </span>
        <span
          class="sc-gtssRu huSdcX"
          style="opacity: 0; transform: translateY(0px);"
        >
          2
        </span>
        <span
          class="sc-gtssRu huSdcX"
          style="opacity: 0; transform: translateY(0px);"
        >
          3
        </span>
        <span
          class="sc-gtssRu huSdcX"
          style="opacity: 0; transform: translateY(0px);"
        >
          4
        </span>
        <span
          class="sc-gtssRu huSdcX"
          style="opacity: 0; transform: translateY(0px);"
        >
          5
        </span>
        <span
          class="sc-gtssRu huSdcX"
          style="opacity: 0; transform: translateY(0px);"
        >
          6
        </span>
        <span
          class="sc-gtssRu huSdcX"
          style="opacity: 0; transform: translateY(0px);"
        >
          7
        </span>
        <span
          class="sc-gtssRu huSdcX"
          style="opacity: 0; transform: translateY(0px);"
        >
          8
        </span>
        <span
          class="sc-gtssRu huSdcX"
          style="opacity: 0; transform: translateY(0px);"
        >
          9
        </span>
      </span>
    </div>
  </body>,
  "container": <div>
    <span
      class="sc-bdnylx dQYGTz"
      style="height: 0px; width: 0px;"
    >
      <span
        style="visibility: hidden;"
      >
        5
      </span>
      <span
        class="sc-gtssRu huSdcX"
        style="opacity: 1; transform: translateY(0px);"
      >
        0
      </span>
      <span
        class="sc-gtssRu huSdcX"
        style="opacity: 0; transform: translateY(0px);"
      >
        1
      </span>
      <span
        class="sc-gtssRu huSdcX"
        style="opacity: 0; transform: translateY(0px);"
      >
        2
      </span>
      <span
        class="sc-gtssRu huSdcX"
        style="opacity: 0; transform: translateY(0px);"
      >
        3
      </span>
      <span
        class="sc-gtssRu huSdcX"
        style="opacity: 0; transform: translateY(0px);"
      >
        4
      </span>
      <span
        class="sc-gtssRu huSdcX"
        style="opacity: 0; transform: translateY(0px);"
      >
        5
      </span>
      <span
        class="sc-gtssRu huSdcX"
        style="opacity: 0; transform: translateY(0px);"
      >
        6
      </span>
      <span
        class="sc-gtssRu huSdcX"
        style="opacity: 0; transform: translateY(0px);"
      >
        7
      </span>
      <span
        class="sc-gtssRu huSdcX"
        style="opacity: 0; transform: translateY(0px);"
      >
        8
      </span>
      <span
        class="sc-gtssRu huSdcX"
        style="opacity: 0; transform: translateY(0px);"
      >
        9
      </span>
    </span>
  </div>,
  "debug": [Function],
  "findAllByAltText": [Function],
  "findAllByDisplayValue": [Function],
  "findAllByLabelText": [Function],
  "findAllByPlaceholderText": [Function],
  "findAllByRole": [Function],
  "findAllByTestId": [Function],
  "findAllByText": [Function],
  "findAllByTitle": [Function],
  "findByAltText": [Function],
  "findByDisplayValue": [Function],
  "findByLabelText": [Function],
  "findByPlaceholderText": [Function],
  "findByRole": [Function],
  "findByTestId": [Function],
  "findByText": [Function],
  "findByTitle": [Function],
  "getAllByAltText": [Function],
  "getAllByDisplayValue": [Function],
  "getAllByLabelText": [Function],
  "getAllByPlaceholderText": [Function],
  "getAllByRole": [Function],
  "getAllByTestId": [Function],
  "getAllByText": [Function],
  "getAllByTitle": [Function],
  "getByAltText": [Function],
  "getByDisplayValue": [Function],
  "getByLabelText": [Function],
  "getByPlaceholderText": [Function],
  "getByRole": [Function],
  "getByTestId": [Function],
  "getByText": [Function],
  "getByTitle": [Function],
  "queryAllByAltText": [Function],
  "queryAllByDisplayValue": [Function],
  "queryAllByLabelText": [Function],
  "queryAllByPlaceholderText": [Function],
  "queryAllByRole": [Function],
  "queryAllByTestId": [Function],
  "queryAllByText": [Function],
  "queryAllByTitle": [Function],
  "queryByAltText": [Function],
  "queryByDisplayValue": [Function],
  "queryByLabelText": [Function],
  "queryByPlaceholderText": [Function],
  "queryByRole": [Function],
  "queryByTestId": [Function],
  "queryByText": [Function],
  "queryByTitle": [Function],
  "rerender": [Function],
  "unmount": [Function],
}
`;
